\BOOKMARK [0][-]{section*.4}{\376\377\006\101\006\107\006\061\006\063\006\052\000\040\006\052\006\065\006\047\006\110\006\314\006\061}{}% 1
\BOOKMARK [0][-]{section*.5}{\376\377\006\101\006\107\006\061\006\063\006\052\000\040\006\054\006\057\006\047\006\110\006\104}{}% 2
\BOOKMARK [0][-]{section*.5}{\376\377\006\101\006\107\006\061\006\063\006\052\000\040\006\047\006\104\006\257\006\110\006\061\006\314\006\052\006\105\040\014\006\107\006\047}{}% 3
\BOOKMARK [0][-]{chapter*.6}{\376\377\006\101\006\107\006\061\006\063\006\052\000\040\006\050\006\061\006\106\006\047\006\105\006\107\040\014\006\107\006\047}{}% 4
\BOOKMARK [0][-]{section*.7}{\376\377\006\101\006\107\006\061\006\063\006\052\000\040\006\047\006\056\006\052\006\065\006\047\006\061\006\047\006\052}{}% 5
\BOOKMARK [0][-]{chapter.1}{\376\377\006\105\006\102\006\057\006\105\006\107}{}% 6
\BOOKMARK [1][-]{section.1.1}{\376\377\006\042\006\064\006\106\006\047\006\314\006\314\000\040\006\050\006\047\000\040\006\047\006\314\006\106\000\040\006\061\006\047\006\107\006\106\006\105\006\047}{chapter.1}% 7
\BOOKMARK [1][-]{section.1.2}{\376\377\006\206\006\257\006\110\006\106\006\257\006\314\000\040\006\047\006\063\006\052\006\101\006\047\006\057\006\107\000\040\006\047\006\062\000\040\006\251\006\104\006\047\006\063\000\040\006\176\006\047\006\314\006\047\006\106\040\014\006\106\006\047\006\105\006\107}{chapter.1}% 8
\BOOKMARK [2][-]{subsection.1.2.1}{\376\377\006\047\006\314\006\106\000\040\006\107\006\105\006\107\000\040\006\101\006\047\006\314\006\104\006\037\000!}{section.1.2}% 9
\BOOKMARK [2][-]{subsection.1.2.2}{\376\377\006\047\006\062\000\040\006\251\006\054\006\047\000\040\006\064\006\061\006\110\006\071\000\040\006\251\006\106\006\105\006\037}{section.1.2}% 10
\BOOKMARK [2][-]{subsection.1.2.3}{\376\377\006\105\006\067\006\047\006\104\006\050\000\040\006\176\006\047\006\314\006\047\006\106\040\014\006\106\006\047\006\105\006\107\000\040\006\061\006\047\000\040\006\206\006\067\006\110\006\061\000\040\006\050\006\106\006\110\006\314\006\063\006\105\006\037}{section.1.2}% 11
\BOOKMARK [3][-]{subsubsection.1.2.3.1}{\376\377\006\106\006\110\006\064\006\052\006\106\000\040\006\101\006\065\006\104\040\014\006\107\006\047}{subsection.1.2.3}% 12
\BOOKMARK [3][-]{subsubsection.1.2.3.2}{\376\377\006\105\006\061\006\047\006\054\006\071}{subsection.1.2.3}% 13
\BOOKMARK [3][-]{subsubsection.1.2.3.3}{\376\377\006\110\006\047\006\230\006\107\040\014\006\106\006\047\006\105\006\107\000\040\006\101\006\047\006\061\006\063\006\314\000\040\006\050\006\107\000\040\006\047\006\106\006\257\006\104\006\314\006\063\006\314\000\040\006\110\000\040\006\050\006\061\006\071\006\251\006\063}{subsection.1.2.3}% 14
\BOOKMARK [3][-]{subsubsection.1.2.3.4}{\376\377\006\106\006\105\006\047\006\314\006\107}{subsection.1.2.3}% 15
\BOOKMARK [2][-]{subsection.1.2.4}{\376\377\006\047\006\257\006\061\000\040\006\063\006\110\006\047\006\104\006\314\000\040\006\057\006\047\006\064\006\052\006\105\006\014\000\040\006\047\006\062\000\040\006\251\006\314\000\040\006\050\006\176\006\061\006\063\006\105\006\037}{section.1.2}% 16
\BOOKMARK [1][-]{section.1.3}{\376\377\006\105\006\055\006\052\006\110\006\314\006\047\006\052\000\040\006\101\006\065\006\104\000\040\006\047\006\110\006\104\000\040\006\314\006\251\000\040\006\176\006\047\006\314\006\047\006\106\040\014\006\106\006\047\006\105\006\107}{chapter.1}% 17
\BOOKMARK [2][-]{subsection.1.3.1}{\376\377\006\071\006\106\006\110\006\047\006\106\000\040\006\052\006\055\006\102\006\314\006\102}{section.1.3}% 18
\BOOKMARK [2][-]{subsection.1.3.2}{\376\377\006\105\006\063\006\043\006\104\006\107\000\040\006\052\006\055\006\102\006\314\006\102}{section.1.3}% 19
\BOOKMARK [2][-]{subsection.1.3.3}{\376\377\006\052\006\047\006\061\006\314\006\056\006\206\006\107\040\014\006\047\006\314\000\040\006\047\006\062\000\040\006\105\006\110\006\066\006\110\006\071\000\040\006\052\006\055\006\102\006\314\006\102}{section.1.3}% 20
\BOOKMARK [2][-]{subsection.1.3.4}{\376\377\006\052\006\071\006\061\006\314\006\101\000\040\006\105\006\110\006\066\006\110\006\071\000\040\006\052\006\055\006\102\006\314\006\102}{section.1.3}% 21
\BOOKMARK [2][-]{subsection.1.3.5}{\376\377\006\107\006\057\006\101\000\040\006\314\006\047\000\040\006\107\006\057\006\101\040\014\006\107\006\047\006\314\000\040\006\251\006\104\006\314\000\040\006\110\000\040\006\042\006\061\006\105\006\047\006\106\006\314\000\040\006\052\006\055\006\102\006\314\006\102}{section.1.3}% 22
\BOOKMARK [2][-]{subsection.1.3.6}{\376\377\006\061\006\110\006\064\000\040\006\047\006\106\006\054\006\047\006\105\000\040\006\052\006\055\006\102\006\314\006\102}{section.1.3}% 23
\BOOKMARK [2][-]{subsection.1.3.7}{\376\377\006\106\006\110\006\042\006\110\006\061\006\314\006\014\000\040\006\047\006\107\006\105\006\314\006\052\000\040\006\110\000\040\006\047\006\061\006\062\006\064\000\040\006\052\006\055\006\102\006\314\006\102}{section.1.3}% 24
\BOOKMARK [2][-]{subsection.1.3.8}{\376\377\006\052\006\071\006\061\006\314\006\101\000\040\006\110\006\047\006\230\006\107\040\014\006\107\006\047\000\040\000\050\006\047\006\056\006\052\006\314\006\047\006\061\006\314\000\051}{section.1.3}% 25
\BOOKMARK [2][-]{subsection.1.3.9}{\376\377\006\056\006\104\006\047\006\065\006\107\000\040\006\101\006\065\006\104\040\014\006\107\006\047}{section.1.3}% 26
\BOOKMARK [1][-]{section.1.4}{\376\377\006\054\006\105\006\071\040\014\006\050\006\106\006\057\006\314}{chapter.1}% 27
\BOOKMARK [0][-]{chapter.2}{\376\377\006\105\006\061\006\110\006\061\006\314\000\040\006\050\006\061\000\040\006\105\006\067\006\047\006\104\006\071\006\047\006\052\000\040\006\047\006\106\006\054\006\047\006\105\000\040\006\064\006\057\006\107}{}% 28
\BOOKMARK [1][-]{section.2.1}{\376\377\006\105\006\102\006\057\006\105\006\107}{chapter.2}% 29
\BOOKMARK [1][-]{section.2.2}{\376\377\006\052\006\071\006\047\006\061\006\314\006\101\006\014\000\040\006\047\006\065\006\110\006\104\000\040\006\110\000\040\006\105\006\050\006\047\006\106\006\314\000\040\006\106\006\070\006\061\006\314}{chapter.2}% 30
\BOOKMARK [1][-]{section.2.3}{\376\377\006\105\006\061\006\110\006\061\006\314\000\040\006\050\006\061\000\040\006\047\006\057\006\050\006\314\006\047\006\052\000\040\006\105\006\110\006\066\006\110\006\071}{chapter.2}% 31
\BOOKMARK [1][-]{section.2.4}{\376\377\006\106\006\052\006\314\006\054\006\107\040\014\006\257\006\314\006\061\006\314}{chapter.2}% 32
\BOOKMARK [0][-]{chapter.3}{\376\377\006\061\006\110\006\064\000\040\006\052\006\055\006\102\006\314\006\102}{}% 33
\BOOKMARK [1][-]{section.3.1}{\376\377\006\105\006\102\006\057\006\105\006\107}{chapter.3}% 34
\BOOKMARK [1][-]{section.3.2}{\376\377\006\105\006\055\006\052\006\110\006\047\000\040\000\050\006\106\006\047\006\105\040\014\006\257\006\060\006\047\006\061\006\314\000\040\006\050\006\061\000\040\006\047\006\063\006\047\006\063\000\040\006\061\006\110\006\064\000\040\006\052\006\055\006\102\006\314\006\102\000\040\006\110\000\040\006\105\006\063\006\043\006\104\006\107\000\040\006\105\006\110\006\061\006\057\000\040\006\105\006\067\006\047\006\104\006\071\006\107\000\051}{chapter.3}% 35
\BOOKMARK [2][-]{subsection.3.2.1}{\376\377\006\071\006\104\006\052\000\040\006\047\006\106\006\052\006\056\006\047\006\050\000\040\006\061\006\110\006\064}{section.3.2}% 36
\BOOKMARK [2][-]{subsection.3.2.2}{\376\377\006\052\006\064\006\061\006\314\006\055\000\040\006\251\006\047\006\105\006\104\000\040\006\061\006\110\006\064\000\040\006\052\006\055\006\102\006\314\006\102}{section.3.2}% 37
\BOOKMARK [0][-]{chapter.4}{\376\377\006\106\006\052\006\047\006\314\006\054}{}% 38
\BOOKMARK [1][-]{section.4.1}{\376\377\006\105\006\102\006\057\006\105\006\107}{chapter.4}% 39
\BOOKMARK [1][-]{section.4.2}{\376\377\006\105\006\055\006\052\006\110\006\047}{chapter.4}% 40
\BOOKMARK [1][-]{section.4.3}{\376\377\006\047\006\071\006\052\006\050\006\047\006\061\006\063\006\106\006\054\006\314}{chapter.4}% 41
\BOOKMARK [0][-]{chapter.5}{\376\377\006\050\006\055\006\053\000\040\006\110\000\040\006\106\006\052\006\314\006\054\006\107\040\014\006\257\006\314\006\061\006\314}{}% 42
\BOOKMARK [1][-]{section.5.1}{\376\377\006\105\006\102\006\057\006\105\006\107}{chapter.5}% 43
\BOOKMARK [1][-]{section.5.2}{\376\377\006\105\006\055\006\052\006\110\006\047}{chapter.5}% 44
\BOOKMARK [2][-]{subsection.5.2.1}{\376\377\006\054\006\105\006\071\040\014\006\050\006\106\006\057\006\314}{section.5.2}% 45
\BOOKMARK [2][-]{subsection.5.2.2}{\376\377\006\106\006\110\006\042\006\110\006\061\006\314}{section.5.2}% 46
\BOOKMARK [2][-]{subsection.5.2.3}{\376\377\006\176\006\314\006\064\006\106\006\107\006\047\006\057\006\107\006\047}{section.5.2}% 47
\BOOKMARK [2][-]{subsection.5.2.4}{\376\377\006\105\006\055\006\057\006\110\006\057\006\314\006\052\040\014\006\107\006\047}{section.5.2}% 48
\BOOKMARK [0][-]{chapter*.14}{\376\377\006\251\006\052\006\047\006\050\040\014\006\106\006\047\006\105\006\107}{}% 49
\BOOKMARK [0][-]{appendix.Alph1}{\376\377\006\042\006\064\006\106\006\047\006\314\006\314\000\040\006\063\006\061\006\314\006\071\000\040\006\050\006\047\000\040\006\050\006\061\006\056\006\314\000\040\006\057\006\063\006\052\006\110\006\061\006\047\006\052\000\040\006\104\006\047\006\052\006\251}{}% 50
\BOOKMARK [1][-]{section.Alph1.1}{\376\377\006\050\006\106\006\057\006\107\006\047\000\040\006\110\000\040\006\062\006\314\006\061\006\106\006\110\006\314\006\063\040\014\006\107\006\047}{appendix.Alph1}% 51
\BOOKMARK [1][-]{section.Alph1.2}{\376\377\006\101\006\061\006\105\006\110\006\104\040\014\006\107\006\047\006\314\000\040\006\061\006\314\006\047\006\066\006\314}{appendix.Alph1}% 52
\BOOKMARK [2][-]{subsection.Alph1.2.1}{\376\377\006\314\006\251\000\040\006\062\006\314\006\061\006\050\006\056\006\064}{section.Alph1.2}% 53
\BOOKMARK [3][-]{subsubsection.Alph1.2.1.1}{\376\377\006\314\006\251\000\040\006\062\006\314\006\061\006\062\006\314\006\061\006\050\006\056\006\064}{subsection.Alph1.2.1}% 54
\BOOKMARK [1][-]{section.Alph1.3}{\376\377\006\106\006\110\006\064\006\052\006\107\040\014\006\107\006\047\006\314\000\040\006\101\006\047\006\061\006\063\006\314\000\040\006\110\000\040\006\047\006\106\006\257\006\104\006\314\006\063\006\314\000\040\006\105\006\056\006\104\006\110\006\067}{appendix.Alph1}% 55
\BOOKMARK [1][-]{section.Alph1.4}{\376\377\006\047\006\101\006\062\006\110\006\057\006\106\000\040\006\052\006\065\006\110\006\314\006\061\000\040\006\050\006\107\000\040\006\106\006\110\006\064\006\052\006\107}{appendix.Alph1}% 56
\BOOKMARK [1][-]{section.Alph1.5}{\376\377\006\105\006\055\006\314\006\067\040\014\006\107\006\047\006\314\000\040\006\064\006\105\006\047\006\061\006\064\000\040\006\110\000\040\006\106\006\251\006\047\006\052}{appendix.Alph1}% 57
\BOOKMARK [1][-]{section.Alph1.6}{\376\377\006\052\006\071\006\061\006\314\006\101\000\040\006\110\000\040\006\102\006\066\006\314\006\107}{appendix.Alph1}% 58
\BOOKMARK [1][-]{section.Alph1.7}{\376\377\006\206\006\257\006\110\006\106\006\257\006\314\000\040\006\106\006\110\006\064\006\052\006\106\000\040\006\110\000\040\006\047\006\061\006\054\006\047\006\071\000\040\006\050\006\107\000\040\006\105\006\061\006\047\006\054\006\071}{appendix.Alph1}% 59
\BOOKMARK [0][-]{appendix.Alph2}{\376\377\040\014\006\054\006\057\006\110\006\104\006\014\000\040\006\106\006\105\006\110\006\057\006\047\006\061\000\040\006\110\000\040\006\047\006\104\006\257\006\110\006\061\006\314\006\052\006\105\000\040\006\057\006\061\000\040\006\104\006\047\006\052\006\251}{}% 60
\BOOKMARK [1][-]{section.Alph2.1}{\376\377\006\054\006\057\006\110\006\104}{appendix.Alph2}% 61
\BOOKMARK [1][-]{section.Alph2.2}{\376\377\006\105\006\071\006\047\006\057\006\104\006\047\006\052\000\040\006\061\006\314\006\047\006\066\006\314\000\040\006\110\000\040\006\105\006\047\006\052\006\061\006\314\006\063\040\014\006\107\006\047}{appendix.Alph2}% 62
\BOOKMARK [1][-]{section.Alph2.3}{\376\377\006\047\006\104\006\257\006\110\006\061\006\314\006\052\006\105}{appendix.Alph2}% 63
\BOOKMARK [2][-]{subsection.Alph2.3.1}{\376\377\006\047\006\104\006\257\006\110\006\061\006\314\006\052\006\105\000\040\006\063\006\047\006\057\006\107\000\040\006\050\006\047\000\040\006\057\006\063\006\052\006\110\006\061\006\107\006\047\006\314\000\040\006\101\006\047\006\061\006\063\006\314}{section.Alph2.3}% 64
\BOOKMARK [2][-]{subsection.Alph2.3.2}{\376\377\006\047\006\104\006\257\006\110\006\061\006\314\006\052\006\105\000\040\006\176\006\314\006\206\006\314\006\057\006\107\000\040\006\110\000\040\006\052\006\110\006\057\006\061\006\052\006\110\000\040\006\050\006\047\000\040\006\057\006\063\006\052\006\110\006\061\006\107\006\047\006\314\000\040\006\101\006\047\006\061\006\063\006\314}{section.Alph2.3}% 65
\BOOKMARK [2][-]{subsection.Alph2.3.3}{\376\377\006\047\006\104\006\257\006\110\006\061\006\314\006\052\006\105\000\040\006\050\006\047\000\040\006\057\006\063\006\052\006\110\006\061\006\107\006\047\006\314\000\040\006\104\006\047\006\052\006\314\006\106}{section.Alph2.3}% 66
\BOOKMARK [1][-]{section.Alph2.4}{\376\377\006\251\006\057}{appendix.Alph2}% 67
\BOOKMARK [1][-]{section.Alph2.5}{\376\377\006\052\006\065\006\110\006\314\006\061}{appendix.Alph2}% 68
\BOOKMARK [1][-]{section.Alph2.6}{\376\377\006\106\006\105\006\110\006\057\006\047\006\061}{appendix.Alph2}% 69
\BOOKMARK [1][-]{section.Alph2.7}{\376\377\006\106\006\055\006\110\006\107\000\040\006\102\006\061\006\047\006\061\006\257\006\314\006\061\006\314\000\040\006\047\006\064\006\314\006\047\006\314\000\040\006\064\006\106\006\047\006\110\006\061}{appendix.Alph2}% 70
\BOOKMARK [0][-]{appendix.Alph3}{\376\377\006\105\006\061\006\047\006\054\006\071\006\014\000\040\006\110\006\047\006\230\006\107\040\014\006\106\006\047\006\105\006\107\000\040\006\110\000\040\006\055\006\047\006\064\006\314\006\107\040\014\006\106\006\110\006\314\006\063\006\314}{}% 71
\BOOKMARK [1][-]{section.Alph3.1}{\376\377\006\105\006\061\006\047\006\054\006\071\000\040\006\110\000\040\006\106\006\102\006\104\040\014\006\102\006\110\006\104\040\014\006\107\006\047}{appendix.Alph3}% 72
\BOOKMARK [2][-]{subsection.Alph3.1.1}{\376\377\000\040\006\105\006\057\006\314\006\061\006\314\006\052\000\040\006\105\006\061\006\047\006\054\006\071\000\040\006\050\006\047\000\040\000B\000i\000b\000T\000e\000X}{section.Alph3.1}% 73
\BOOKMARK [2][-]{subsection.Alph3.1.2}{\376\377\006\063\006\050\006\251\040\014\006\107\006\047\006\314\000\040\006\105\006\110\006\061\006\057\000\040\006\052\006\043\006\314\006\314\006\057\000\040\006\057\006\047\006\106\006\064\006\257\006\047\006\107\000\040\006\052\006\107\006\061\006\047\006\106}{section.Alph3.1}% 74
\BOOKMARK [2][-]{subsection.Alph3.1.3}{\376\377\006\063\006\050\006\251\040\014\006\107\006\047\006\314\000\040\006\101\006\047\006\061\006\063\006\314\000\040\006\102\006\047\006\050\006\104\000\040\006\047\006\063\006\052\006\101\006\047\006\057\006\107\000\040\006\057\006\061\000\040\006\062\006\314\040\014\006\176\006\061\006\064\006\314\006\106}{section.Alph3.1}% 75
\BOOKMARK [2][-]{subsection.Alph3.1.4}{\376\377\006\063\006\047\006\056\006\052\006\047\006\061\000\040\006\101\006\047\006\314\006\104\000\040\006\105\006\061\006\047\006\054\006\071}{section.Alph3.1}% 76
\BOOKMARK [2][-]{subsection.Alph3.1.5}{\376\377\006\106\006\055\006\110\006\107\000\040\006\047\006\054\006\061\006\047\006\314\000\040\000B\000i\000b\000T\000e\000X}{section.Alph3.1}% 77
\BOOKMARK [1][-]{section.Alph3.2}{\376\377\006\110\006\047\006\230\006\107\040\014\006\106\006\047\006\105\006\107\040\014\006\107\006\047\000\040\006\110\000\040\006\101\006\107\006\061\006\063\006\052\000\040\006\047\006\056\006\052\006\065\006\047\006\061\006\047\006\052}{appendix.Alph3}% 78
\BOOKMARK [1][-]{section.Alph3.3}{\376\377\006\055\006\047\006\064\006\314\006\107\040\014\006\106\006\110\006\314\006\063\006\314\000\040\006\057\006\061\000\040\006\106\006\063\006\056\006\107\000\040\006\176\006\314\006\064\040\014\006\106\006\110\006\314\006\063}{appendix.Alph3}% 79
\BOOKMARK [0][-]{Item.15}{\376\377\006\106\006\105\006\047\006\314\006\107}{}% 80
